// Jest Snapshot v1, https://goo.gl/fbAQLP

exports[`Container Snapshot renders correctly 1`] = `
<RCTSafeAreaView
  emulateUnlessSupported={true}
  style={
    Object {
      "backgroundColor": "#fff",
      "flex": 1,
    }
  }
/>
`;
